Archive member included to satisfy reference by file (symbol)

libc.a(start.o)               (_start)
libc.a(init.o)                libc.a(start.o) (__init)
libc.a(mem_alloc.o)           malloc_test.o (my_malloc)
libc.a(stdio.o)               libc.a(init.o) (console)
libc.a(console.o)             libc.a(stdio.o) (Console::vprintf(char const*, char*))
libc.a(console_kernel.o)      libc.a(stdio.o) (vtable for Console_kernel)

Discarded input sections

 .group         0x0000000000000000        0x8 malloc_test.o
 .data          0x0000000000000000        0x0 malloc_test.o
 .bss           0x0000000000000000        0x0 malloc_test.o
 .note.GNU-stack
                0x0000000000000000        0x0 malloc_test.o
 .eh_frame      0x0000000000000000       0x60 malloc_test.o
 .data          0x0000000000000000        0x0 libc.a(start.o)
 .bss           0x0000000000000000        0x0 libc.a(start.o)
 .group         0x0000000000000000        0x8 libc.a(init.o)
 .data          0x0000000000000000        0x0 libc.a(init.o)
 .bss           0x0000000000000000        0x0 libc.a(init.o)
 .text.__x86.get_pc_thunk.bx
                0x0000000000000000        0x4 libc.a(init.o)
 .note.GNU-stack
                0x0000000000000000        0x0 libc.a(init.o)
 .eh_frame      0x0000000000000000       0x58 libc.a(init.o)
 .group         0x0000000000000000        0x8 libc.a(mem_alloc.o)
 .group         0x0000000000000000        0x8 libc.a(mem_alloc.o)
 .group         0x0000000000000000        0x8 libc.a(mem_alloc.o)
 .group         0x0000000000000000        0x8 libc.a(mem_alloc.o)
 .data          0x0000000000000000        0x0 libc.a(mem_alloc.o)
 .text.__x86.get_pc_thunk.bx
                0x0000000000000000        0x4 libc.a(mem_alloc.o)
 .note.GNU-stack
                0x0000000000000000        0x0 libc.a(mem_alloc.o)
 .eh_frame      0x0000000000000000      0x170 libc.a(mem_alloc.o)
 .group         0x0000000000000000        0x8 libc.a(stdio.o)
 .group         0x0000000000000000        0xc libc.a(stdio.o)
 .group         0x0000000000000000        0x8 libc.a(stdio.o)
 .group         0x0000000000000000        0x8 libc.a(stdio.o)
 .group         0x0000000000000000        0x8 libc.a(stdio.o)
 .data          0x0000000000000000        0x0 libc.a(stdio.o)
 .text.__x86.get_pc_thunk.ax
                0x0000000000000000        0x4 libc.a(stdio.o)
 .text.__x86.get_pc_thunk.bx
                0x0000000000000000        0x4 libc.a(stdio.o)
 .note.GNU-stack
                0x0000000000000000        0x0 libc.a(stdio.o)
 .eh_frame      0x0000000000000000      0x11c libc.a(stdio.o)
 .group         0x0000000000000000        0x8 libc.a(console.o)
 .group         0x0000000000000000        0x8 libc.a(console.o)
 .data          0x0000000000000000        0x0 libc.a(console.o)
 .bss           0x0000000000000000        0x0 libc.a(console.o)
 .text.__x86.get_pc_thunk.ax
                0x0000000000000000        0x4 libc.a(console.o)
 .text.__x86.get_pc_thunk.di
                0x0000000000000000        0x4 libc.a(console.o)
 .note.GNU-stack
                0x0000000000000000        0x0 libc.a(console.o)
 .eh_frame      0x0000000000000000      0x194 libc.a(console.o)
 .group         0x0000000000000000        0xc libc.a(console_kernel.o)
 .data          0x0000000000000000        0x0 libc.a(console_kernel.o)
 .bss           0x0000000000000000        0x0 libc.a(console_kernel.o)
 .note.GNU-stack
                0x0000000000000000        0x0 libc.a(console_kernel.o)
 .eh_frame      0x0000000000000000       0x5c libc.a(console_kernel.o)

Memory Configuration

Name             Origin             Length             Attributes
*default*        0x0000000000000000 0xffffffffffffffff

Linker script and memory map

                0x00000000c0000000                stack_top = 0xc0000000
                0x0000000000001000                . = 0x1000
                0x0000000000001074                . = (. + SIZEOF_HEADERS)

.text           0x0000000000001074      0x963
 *(.text*)
 .text          0x0000000000001074       0x41 malloc_test.o
                0x0000000000001074                main
 .text.__x86.get_pc_thunk.bx
                0x00000000000010b5        0x4 malloc_test.o
                0x00000000000010b5                __x86.get_pc_thunk.bx
 .text          0x00000000000010b9       0x11 libc.a(start.o)
                0x00000000000010b9                _start
 .text          0x00000000000010ca       0x55 libc.a(init.o)
                0x00000000000010ca                __init
 .text          0x000000000000111f      0x2fb libc.a(mem_alloc.o)
                0x000000000000111f                print_ll
                0x0000000000001167                get_free_block
                0x00000000000011c3                my_malloc
                0x0000000000001286                do_defragmentation
                0x00000000000012d5                my_free
 .text.__x86.get_pc_thunk.ax
                0x000000000000141a        0x4 libc.a(mem_alloc.o)
                0x000000000000141a                __x86.get_pc_thunk.ax
 .text.__x86.get_pc_thunk.di
                0x000000000000141e        0x4 libc.a(mem_alloc.o)
                0x000000000000141e                __x86.get_pc_thunk.di
 .text.__x86.get_pc_thunk.bp
                0x0000000000001422        0x4 libc.a(mem_alloc.o)
                0x0000000000001422                __x86.get_pc_thunk.bp
 .text          0x0000000000001426       0xeb libc.a(stdio.o)
                0x0000000000001469                panic
                0x0000000000001497                printf
                0x00000000000014de                puts
                0x00000000000014ff                __cxa_pure_virtual
 *fill*         0x0000000000001511        0x1 
 .text._ZN8Spinlock4lockEv
                0x0000000000001512       0x19 libc.a(stdio.o)
                0x0000000000001512                Spinlock::lock()
 .text.__x86.get_pc_thunk.cx
                0x000000000000152b        0x4 libc.a(stdio.o)
                0x000000000000152b                __x86.get_pc_thunk.cx
 *fill*         0x000000000000152f        0x1 
 .text          0x0000000000001530      0x45b libc.a(console.o)
                0x0000000000001530                Console::print_number(unsigned long long, unsigned int, unsigned int, unsigned int)
                0x00000000000016ac                Console::vprintf(char const*, char*)
 *fill*         0x000000000000198b        0x1 
 .text          0x000000000000198c       0x4b libc.a(console_kernel.o)
                0x00000000000019a4                Console_kernel::putc(int)

.iplt           0x00000000000019d7        0x0
 .iplt          0x00000000000019d7        0x0 malloc_test.o

.eh_frame_hdr   0x00000000000019d8        0x0
 .eh_frame_hdr  0x00000000000019d8        0x0 malloc_test.o

.rel.dyn        0x00000000000019d8        0x0
 .rel.got       0x00000000000019d8        0x0 malloc_test.o
 .rel.iplt      0x00000000000019d8        0x0 malloc_test.o
 .rel.text      0x00000000000019d8        0x0 malloc_test.o
 .rel.data.rel.ro._ZTV7Console
                0x00000000000019d8        0x0 malloc_test.o

.init_array     0x00000000000019d8      0x628
                0x00000000000019d8                PROVIDE (CTORS_L = .)
 *(.init_array.65534 .ctors.00001)
                0x00000000000019d8                PROVIDE (CTORS_G = .)
 *(.init_array.* .ctors.*)
 .init_array.00101
                0x00000000000019d8        0x4 libc.a(stdio.o)
 *(.init_array .ctors)
                0x00000000000019dc                PROVIDE (CTORS_E = .)
                0x0000000000002000                . = ALIGN (0x1000)
 *fill*         0x00000000000019dc      0x624 
                0x0000000000002000                . = ALIGN (0x1000)

.data           0x0000000000002000      0x1d0
                0x0000000000002000        0x1 BYTE 0x42
 *(.rodata*)
 .rodata.str1.1
                0x0000000000002001       0x4a libc.a(mem_alloc.o)
 .rodata.str1.1
                0x000000000000204b        0x4 libc.a(stdio.o)
 .rodata.str1.1
                0x000000000000204f       0x11 libc.a(console.o)
 .rodata        0x0000000000002060      0x158 libc.a(console.o)
 *(.data*)
 .data.rel.ro._ZTV7Console
                0x00000000000021b8        0xc libc.a(stdio.o)
                0x00000000000021b8                vtable for Console
 .data.rel.ro.local._ZTV14Console_kernel
                0x00000000000021c4        0xc libc.a(console_kernel.o)
                0x00000000000021c4                vtable for Console_kernel

.got            0x00000000000021d0        0x0
 .got           0x00000000000021d0        0x0 malloc_test.o

.got.plt        0x00000000000021d0        0xc
 .got.plt       0x00000000000021d0        0xc malloc_test.o
                0x00000000000021d0                _GLOBAL_OFFSET_TABLE_

.igot.plt       0x00000000000021dc        0x0
 .igot.plt      0x00000000000021dc        0x0 malloc_test.o

.bss            0x00000000000021e0       0xb0
 *(.bss*)
 .bss           0x00000000000021e0        0xc libc.a(mem_alloc.o)
                0x00000000000021e0                num_of_blocks
                0x00000000000021e4                tail
                0x00000000000021e8                head
 *fill*         0x00000000000021ec       0x14 
 .bss           0x0000000000002200       0x90 libc.a(stdio.o)
                0x0000000000002200                printf_lock
                0x0000000000002220                console
                [!provide]                        PROVIDE (BSS_E = .)

.stab
 *(.stab)

.stabstr
 *(.stabstr)

.stab.excl
 *(.stab.excl)

.stab.exclstr
 *(.stab.exclstr)

.stab.index
 *(.stab.index)

.stab.indexstr
 *(.stab.indexstr)

.comment        0x0000000000000000       0x2b
 *(.comment)
 .comment       0x0000000000000000       0x2b malloc_test.o
                                         0x2c (size before relaxing)
 .comment       0x000000000000002b       0x2c libc.a(init.o)
 .comment       0x000000000000002b       0x2c libc.a(mem_alloc.o)
 .comment       0x000000000000002b       0x2c libc.a(stdio.o)
 .comment       0x000000000000002b       0x2c libc.a(console.o)
 .comment       0x000000000000002b       0x2c libc.a(console_kernel.o)

.debug
 *(.debug)

.line
 *(.line)

.debug_srcinfo
 *(.debug_srcinfo)

.debug_sfnames
 *(.debug_sfnames)

.debug_aranges  0x0000000000000000       0xe8
 *(.debug_aranges)
 .debug_aranges
                0x0000000000000000       0x20 malloc_test.o
 .debug_aranges
                0x0000000000000020       0x20 libc.a(start.o)
 .debug_aranges
                0x0000000000000040       0x20 libc.a(init.o)
 .debug_aranges
                0x0000000000000060       0x20 libc.a(mem_alloc.o)
 .debug_aranges
                0x0000000000000080       0x28 libc.a(stdio.o)
 .debug_aranges
                0x00000000000000a8       0x20 libc.a(console.o)
 .debug_aranges
                0x00000000000000c8       0x20 libc.a(console_kernel.o)

.debug_pubnames
 *(.debug_pubnames)

.debug_info     0x0000000000000000     0x1704
 *(.debug_info .gnu.linkonce.wi.*)
 .debug_info    0x0000000000000000       0x9e malloc_test.o
 .debug_info    0x000000000000009e       0x24 libc.a(start.o)
 .debug_info    0x00000000000000c2      0x165 libc.a(init.o)
 .debug_info    0x0000000000000227      0x4ea libc.a(mem_alloc.o)
 .debug_info    0x0000000000000711      0x7d7 libc.a(stdio.o)
 .debug_info    0x0000000000000ee8      0x4f6 libc.a(console.o)
 .debug_info    0x00000000000013de      0x326 libc.a(console_kernel.o)

.debug_abbrev   0x0000000000000000      0xc7b
 *(.debug_abbrev)
 .debug_abbrev  0x0000000000000000       0x86 malloc_test.o
 .debug_abbrev  0x0000000000000086       0x14 libc.a(start.o)
 .debug_abbrev  0x000000000000009a       0xf2 libc.a(init.o)
 .debug_abbrev  0x000000000000018c      0x224 libc.a(mem_alloc.o)
 .debug_abbrev  0x00000000000003b0      0x41d libc.a(stdio.o)
 .debug_abbrev  0x00000000000007cd      0x297 libc.a(console.o)
 .debug_abbrev  0x0000000000000a64      0x217 libc.a(console_kernel.o)

.debug_line     0x0000000000000000      0xb34
 *(.debug_line .debug_line.* .debug_line_end)
 .debug_line    0x0000000000000000       0x60 malloc_test.o
 .debug_line    0x0000000000000060       0x4a libc.a(start.o)
 .debug_line    0x00000000000000aa       0xda libc.a(init.o)
 .debug_line    0x0000000000000184      0x3db libc.a(mem_alloc.o)
 .debug_line    0x000000000000055f      0x169 libc.a(stdio.o)
 .debug_line    0x00000000000006c8      0x3b9 libc.a(console.o)
 .debug_line    0x0000000000000a81       0xb3 libc.a(console_kernel.o)

.debug_frame
 *(.debug_frame)

.debug_str      0x0000000000000000      0x811
 *(.debug_str)
 .debug_str     0x0000000000000000       0xb2 malloc_test.o
                                         0xc4 (size before relaxing)
 .debug_str     0x00000000000000b2       0x43 libc.a(start.o)
 .debug_str     0x00000000000000f5      0x179 libc.a(init.o)
                                        0x1aa (size before relaxing)
 .debug_str     0x000000000000026e       0xdf libc.a(mem_alloc.o)
                                        0x1ef (size before relaxing)
 .debug_str     0x000000000000034d      0x417 libc.a(stdio.o)
                                        0x5b5 (size before relaxing)
 .debug_str     0x0000000000000764       0x85 libc.a(console.o)
                                        0x2eb (size before relaxing)
 .debug_str     0x00000000000007e9       0x28 libc.a(console_kernel.o)
                                        0x2bf (size before relaxing)

.debug_loc
 *(.debug_loc)

.debug_macinfo
 *(.debug_macinfo)

.debug_weaknames
 *(.debug_weaknames)

.debug_funcnames
 *(.debug_funcnames)

.debug_typenames
 *(.debug_typenames)

.debug_varnames
 *(.debug_varnames)

.debug_pubtypes
 *(.debug_pubtypes)

.debug_ranges
 *(.debug_ranges)

.debug_macro
 *(.debug_macro)

.debug_addr
 *(.debug_addr)

.gnu.attributes
 *(.gnu.attributes)

/DISCARD/
 *(.note.GNU-stack)
 *(.gnu_debuglink)
 *(.gnu.lto_*)
LOAD malloc_test.o
LOAD libc.a
OUTPUT(malloc_test elf32-i386)

.debug_loclists
                0x0000000000000000      0x705
 .debug_loclists
                0x0000000000000000       0x14 malloc_test.o
 .debug_loclists
                0x0000000000000014       0x38 libc.a(init.o)
 .debug_loclists
                0x000000000000004c      0x1fe libc.a(mem_alloc.o)
 .debug_loclists
                0x000000000000024a       0xe8 libc.a(stdio.o)
 .debug_loclists
                0x0000000000000332      0x346 libc.a(console.o)
 .debug_loclists
                0x0000000000000678       0x8d libc.a(console_kernel.o)

.debug_line_str
                0x0000000000000000      0x165
 .debug_line_str
                0x0000000000000000       0x49 malloc_test.o
                                         0x90 (size before relaxing)
 .debug_line_str
                0x0000000000000049       0x33 libc.a(start.o)
                                         0x3f (size before relaxing)
 .debug_line_str
                0x000000000000007c       0x2e libc.a(init.o)
                                         0x98 (size before relaxing)
 .debug_line_str
                0x00000000000000aa       0x49 libc.a(mem_alloc.o)
                                         0xc3 (size before relaxing)
 .debug_line_str
                0x00000000000000f3       0x46 libc.a(stdio.o)
                                         0xf4 (size before relaxing)
 .debug_line_str
                0x0000000000000139       0x16 libc.a(console.o)
                                         0xca (size before relaxing)
 .debug_line_str
                0x000000000000014f       0x16 libc.a(console_kernel.o)
                                         0xe9 (size before relaxing)

.debug_rnglists
                0x0000000000000000       0x3d
 .debug_rnglists
                0x0000000000000000       0x26 libc.a(stdio.o)
 .debug_rnglists
                0x0000000000000026       0x17 libc.a(console.o)
