Archive member included to satisfy reference by file (symbol)

libc.a(start.o)               (_start)
libc.a(init.o)                libc.a(start.o) (__init)
libc.a(stdio.o)               libc.a(init.o) (console)
libc.a(console.o)             libc.a(stdio.o) (Console::vprintf(char const*, char*))
libc.a(console_kernel.o)      libc.a(stdio.o) (vtable for Console_kernel)

Discarded input sections

 .data          0x0000000000000000        0x0 pagefault.o
 .bss           0x0000000000000000        0x0 pagefault.o
 .note.GNU-stack
                0x0000000000000000        0x0 pagefault.o
 .eh_frame      0x0000000000000000       0x2c pagefault.o
 .data          0x0000000000000000        0x0 libc.a(start.o)
 .bss           0x0000000000000000        0x0 libc.a(start.o)
 .group         0x0000000000000000        0x8 libc.a(init.o)
 .data          0x0000000000000000        0x0 libc.a(init.o)
 .bss           0x0000000000000000        0x0 libc.a(init.o)
 .note.GNU-stack
                0x0000000000000000        0x0 libc.a(init.o)
 .eh_frame      0x0000000000000000       0x58 libc.a(init.o)
 .group         0x0000000000000000        0x8 libc.a(stdio.o)
 .group         0x0000000000000000        0xc libc.a(stdio.o)
 .group         0x0000000000000000        0x8 libc.a(stdio.o)
 .group         0x0000000000000000        0x8 libc.a(stdio.o)
 .group         0x0000000000000000        0x8 libc.a(stdio.o)
 .data          0x0000000000000000        0x0 libc.a(stdio.o)
 .text.__x86.get_pc_thunk.bx
                0x0000000000000000        0x4 libc.a(stdio.o)
 .note.GNU-stack
                0x0000000000000000        0x0 libc.a(stdio.o)
 .eh_frame      0x0000000000000000      0x11c libc.a(stdio.o)
 .group         0x0000000000000000        0x8 libc.a(console.o)
 .group         0x0000000000000000        0x8 libc.a(console.o)
 .data          0x0000000000000000        0x0 libc.a(console.o)
 .bss           0x0000000000000000        0x0 libc.a(console.o)
 .text.__x86.get_pc_thunk.ax
                0x0000000000000000        0x4 libc.a(console.o)
 .note.GNU-stack
                0x0000000000000000        0x0 libc.a(console.o)
 .eh_frame      0x0000000000000000      0x194 libc.a(console.o)
 .group         0x0000000000000000        0xc libc.a(console_kernel.o)
 .data          0x0000000000000000        0x0 libc.a(console_kernel.o)
 .bss           0x0000000000000000        0x0 libc.a(console_kernel.o)
 .note.GNU-stack
                0x0000000000000000        0x0 libc.a(console_kernel.o)
 .eh_frame      0x0000000000000000       0x5c libc.a(console_kernel.o)

Memory Configuration

Name             Origin             Length             Attributes
*default*        0x0000000000000000 0xffffffffffffffff

Linker script and memory map

                0x00000000c0000000                stack_top = 0xc0000000
                0x0000000000001000                . = 0x1000
                0x0000000000001074                . = (. + SIZEOF_HEADERS)

.text           0x0000000000001074      0x633
 *(.text*)
 .text          0x0000000000001074       0x10 pagefault.o
                0x0000000000001074                main
 .text          0x0000000000001084       0x11 libc.a(start.o)
                0x0000000000001084                _start
 .text          0x0000000000001095       0x55 libc.a(init.o)
                0x0000000000001095                __init
 .text.__x86.get_pc_thunk.bx
                0x00000000000010ea        0x4 libc.a(init.o)
                0x00000000000010ea                __x86.get_pc_thunk.bx
 .text          0x00000000000010ee       0xeb libc.a(stdio.o)
                0x0000000000001131                panic
                0x000000000000115f                printf
                0x00000000000011a6                puts
                0x00000000000011c7                __cxa_pure_virtual
 *fill*         0x00000000000011d9        0x1 
 .text._ZN8Spinlock4lockEv
                0x00000000000011da       0x19 libc.a(stdio.o)
                0x00000000000011da                Spinlock::lock()
 .text.__x86.get_pc_thunk.ax
                0x00000000000011f3        0x4 libc.a(stdio.o)
                0x00000000000011f3                __x86.get_pc_thunk.ax
 .text.__x86.get_pc_thunk.cx
                0x00000000000011f7        0x4 libc.a(stdio.o)
                0x00000000000011f7                __x86.get_pc_thunk.cx
 *fill*         0x00000000000011fb        0x1 
 .text          0x00000000000011fc      0x45b libc.a(console.o)
                0x00000000000011fc                Console::print_number(unsigned long long, unsigned int, unsigned int, unsigned int)
                0x0000000000001378                Console::vprintf(char const*, char*)
 .text.__x86.get_pc_thunk.di
                0x0000000000001657        0x4 libc.a(console.o)
                0x0000000000001657                __x86.get_pc_thunk.di
 *fill*         0x000000000000165b        0x1 
 .text          0x000000000000165c       0x4b libc.a(console_kernel.o)
                0x0000000000001674                Console_kernel::putc(int)

.iplt           0x00000000000016a7        0x0
 .iplt          0x00000000000016a7        0x0 pagefault.o

.eh_frame_hdr   0x00000000000016a8        0x0
 .eh_frame_hdr  0x00000000000016a8        0x0 pagefault.o

.rel.dyn        0x00000000000016a8        0x0
 .rel.got       0x00000000000016a8        0x0 pagefault.o
 .rel.iplt      0x00000000000016a8        0x0 pagefault.o
 .rel.text      0x00000000000016a8        0x0 pagefault.o
 .rel.data.rel.ro._ZTV7Console
                0x00000000000016a8        0x0 pagefault.o

.init_array     0x00000000000016a8      0x958
                0x00000000000016a8                PROVIDE (CTORS_L = .)
 *(.init_array.65534 .ctors.00001)
                0x00000000000016a8                PROVIDE (CTORS_G = .)
 *(.init_array.* .ctors.*)
 .init_array.00101
                0x00000000000016a8        0x4 libc.a(stdio.o)
 *(.init_array .ctors)
                0x00000000000016ac                PROVIDE (CTORS_E = .)
                0x0000000000002000                . = ALIGN (0x1000)
 *fill*         0x00000000000016ac      0x954 
                0x0000000000002000                . = ALIGN (0x1000)

.data           0x0000000000002000      0x188
                0x0000000000002000        0x1 BYTE 0x42
 *(.rodata*)
 .rodata.str1.1
                0x0000000000002001        0x4 libc.a(stdio.o)
 .rodata.str1.1
                0x0000000000002005       0x11 libc.a(console.o)
 *fill*         0x0000000000002016        0x2 
 .rodata        0x0000000000002018      0x158 libc.a(console.o)
 *(.data*)
 .data.rel.ro._ZTV7Console
                0x0000000000002170        0xc libc.a(stdio.o)
                0x0000000000002170                vtable for Console
 .data.rel.ro.local._ZTV14Console_kernel
                0x000000000000217c        0xc libc.a(console_kernel.o)
                0x000000000000217c                vtable for Console_kernel

.got            0x0000000000002188        0x0
 .got           0x0000000000002188        0x0 pagefault.o

.got.plt        0x0000000000002188        0xc
 .got.plt       0x0000000000002188        0xc pagefault.o
                0x0000000000002188                _GLOBAL_OFFSET_TABLE_

.igot.plt       0x0000000000002194        0x0
 .igot.plt      0x0000000000002194        0x0 pagefault.o

.bss            0x00000000000021a0       0x90
 *(.bss*)
 .bss           0x00000000000021a0       0x90 libc.a(stdio.o)
                0x00000000000021a0                printf_lock
                0x00000000000021c0                console
                [!provide]                        PROVIDE (BSS_E = .)

.stab
 *(.stab)

.stabstr
 *(.stabstr)

.stab.excl
 *(.stab.excl)

.stab.exclstr
 *(.stab.exclstr)

.stab.index
 *(.stab.index)

.stab.indexstr
 *(.stab.indexstr)

.comment        0x0000000000000000       0x2b
 *(.comment)
 .comment       0x0000000000000000       0x2b pagefault.o
                                         0x2c (size before relaxing)
 .comment       0x000000000000002b       0x2c libc.a(init.o)
 .comment       0x000000000000002b       0x2c libc.a(stdio.o)
 .comment       0x000000000000002b       0x2c libc.a(console.o)
 .comment       0x000000000000002b       0x2c libc.a(console_kernel.o)

.debug
 *(.debug)

.line
 *(.line)

.debug_srcinfo
 *(.debug_srcinfo)

.debug_sfnames
 *(.debug_sfnames)

.debug_aranges  0x0000000000000000       0xc8
 *(.debug_aranges)
 .debug_aranges
                0x0000000000000000       0x20 pagefault.o
 .debug_aranges
                0x0000000000000020       0x20 libc.a(start.o)
 .debug_aranges
                0x0000000000000040       0x20 libc.a(init.o)
 .debug_aranges
                0x0000000000000060       0x28 libc.a(stdio.o)
 .debug_aranges
                0x0000000000000088       0x20 libc.a(console.o)
 .debug_aranges
                0x00000000000000a8       0x20 libc.a(console_kernel.o)

.debug_pubnames
 *(.debug_pubnames)

.debug_info     0x0000000000000000     0x11c0
 *(.debug_info .gnu.linkonce.wi.*)
 .debug_info    0x0000000000000000       0x44 pagefault.o
 .debug_info    0x0000000000000044       0x24 libc.a(start.o)
 .debug_info    0x0000000000000068      0x165 libc.a(init.o)
 .debug_info    0x00000000000001cd      0x7d7 libc.a(stdio.o)
 .debug_info    0x00000000000009a4      0x4f6 libc.a(console.o)
 .debug_info    0x0000000000000e9a      0x326 libc.a(console_kernel.o)

.debug_abbrev   0x0000000000000000      0xa09
 *(.debug_abbrev)
 .debug_abbrev  0x0000000000000000       0x38 pagefault.o
 .debug_abbrev  0x0000000000000038       0x14 libc.a(start.o)
 .debug_abbrev  0x000000000000004c       0xf2 libc.a(init.o)
 .debug_abbrev  0x000000000000013e      0x41d libc.a(stdio.o)
 .debug_abbrev  0x000000000000055b      0x297 libc.a(console.o)
 .debug_abbrev  0x00000000000007f2      0x217 libc.a(console_kernel.o)

.debug_line     0x0000000000000000      0x74d
 *(.debug_line .debug_line.* .debug_line_end)
 .debug_line    0x0000000000000000       0x54 pagefault.o
 .debug_line    0x0000000000000054       0x4a libc.a(start.o)
 .debug_line    0x000000000000009e       0xda libc.a(init.o)
 .debug_line    0x0000000000000178      0x169 libc.a(stdio.o)
 .debug_line    0x00000000000002e1      0x3b9 libc.a(console.o)
 .debug_line    0x000000000000069a       0xb3 libc.a(console_kernel.o)

.debug_frame
 *(.debug_frame)

.debug_str      0x0000000000000000      0x720
 *(.debug_str)
 .debug_str     0x0000000000000000       0x9b pagefault.o
 .debug_str     0x000000000000009b       0x43 libc.a(start.o)
 .debug_str     0x00000000000000de      0x179 libc.a(init.o)
                                        0x1aa (size before relaxing)
 .debug_str     0x0000000000000257      0x41c libc.a(stdio.o)
                                        0x5b5 (size before relaxing)
 .debug_str     0x0000000000000673       0x85 libc.a(console.o)
                                        0x2eb (size before relaxing)
 .debug_str     0x00000000000006f8       0x28 libc.a(console_kernel.o)
                                        0x2bf (size before relaxing)

.debug_loc
 *(.debug_loc)

.debug_macinfo
 *(.debug_macinfo)

.debug_weaknames
 *(.debug_weaknames)

.debug_funcnames
 *(.debug_funcnames)

.debug_typenames
 *(.debug_typenames)

.debug_varnames
 *(.debug_varnames)

.debug_pubtypes
 *(.debug_pubtypes)

.debug_ranges
 *(.debug_ranges)

.debug_macro
 *(.debug_macro)

.debug_addr
 *(.debug_addr)

.gnu.attributes
 *(.gnu.attributes)

/DISCARD/
 *(.note.GNU-stack)
 *(.gnu_debuglink)
 *(.gnu.lto_*)
LOAD pagefault.o
LOAD libc.a
OUTPUT(pagefault elf32-i386)

.debug_line_str
                0x0000000000000000      0x137
 .debug_line_str
                0x0000000000000000       0x37 pagefault.o
                                         0x7a (size before relaxing)
 .debug_line_str
                0x0000000000000037       0x37 libc.a(start.o)
                                         0x3f (size before relaxing)
 .debug_line_str
                0x000000000000006e       0x2e libc.a(init.o)
                                         0x98 (size before relaxing)
 .debug_line_str
                0x000000000000009c       0x6f libc.a(stdio.o)
                                         0xf4 (size before relaxing)
 .debug_line_str
                0x000000000000010b       0x16 libc.a(console.o)
                                         0xca (size before relaxing)
 .debug_line_str
                0x0000000000000121       0x16 libc.a(console_kernel.o)
                                         0xe9 (size before relaxing)

.debug_loclists
                0x0000000000000000      0x4f3
 .debug_loclists
                0x0000000000000000       0x38 libc.a(init.o)
 .debug_loclists
                0x0000000000000038       0xe8 libc.a(stdio.o)
 .debug_loclists
                0x0000000000000120      0x346 libc.a(console.o)
 .debug_loclists
                0x0000000000000466       0x8d libc.a(console_kernel.o)

.debug_rnglists
                0x0000000000000000       0x3d
 .debug_rnglists
                0x0000000000000000       0x26 libc.a(stdio.o)
 .debug_rnglists
                0x0000000000000026       0x17 libc.a(console.o)
