Archive member included to satisfy reference by file (symbol)

libc.a(stdio.o)               hello.o (printf)
libc.a(start.o)               (_start)
libc.a(init.o)                libc.a(start.o) (__init)
libc.a(console.o)             libc.a(stdio.o) (Console::vprintf(char const*, char*))
libc.a(console_kernel.o)      libc.a(stdio.o) (vtable for Console_kernel)

Discarded input sections

 .group         0x0000000000000000        0x8 hello.o
 .note.GNU-stack
                0x0000000000000000        0x0 hello.o
 .eh_frame      0x0000000000000000       0xe4 hello.o
 .group         0x0000000000000000        0x8 libc.a(stdio.o)
 .group         0x0000000000000000        0xc libc.a(stdio.o)
 .group         0x0000000000000000        0x8 libc.a(stdio.o)
 .group         0x0000000000000000        0x8 libc.a(stdio.o)
 .group         0x0000000000000000        0x8 libc.a(stdio.o)
 .data          0x0000000000000000        0x0 libc.a(stdio.o)
 .text.__x86.get_pc_thunk.bx
                0x0000000000000000        0x4 libc.a(stdio.o)
 .note.GNU-stack
                0x0000000000000000        0x0 libc.a(stdio.o)
 .eh_frame      0x0000000000000000      0x11c libc.a(stdio.o)
 .data          0x0000000000000000        0x0 libc.a(start.o)
 .bss           0x0000000000000000        0x0 libc.a(start.o)
 .group         0x0000000000000000        0x8 libc.a(init.o)
 .data          0x0000000000000000        0x0 libc.a(init.o)
 .bss           0x0000000000000000        0x0 libc.a(init.o)
 .text.__x86.get_pc_thunk.bx
                0x0000000000000000        0x4 libc.a(init.o)
 .note.GNU-stack
                0x0000000000000000        0x0 libc.a(init.o)
 .eh_frame      0x0000000000000000       0x58 libc.a(init.o)
 .group         0x0000000000000000        0x8 libc.a(console.o)
 .group         0x0000000000000000        0x8 libc.a(console.o)
 .data          0x0000000000000000        0x0 libc.a(console.o)
 .bss           0x0000000000000000        0x0 libc.a(console.o)
 .text.__x86.get_pc_thunk.ax
                0x0000000000000000        0x4 libc.a(console.o)
 .note.GNU-stack
                0x0000000000000000        0x0 libc.a(console.o)
 .eh_frame      0x0000000000000000      0x194 libc.a(console.o)
 .group         0x0000000000000000        0xc libc.a(console_kernel.o)
 .data          0x0000000000000000        0x0 libc.a(console_kernel.o)
 .bss           0x0000000000000000        0x0 libc.a(console_kernel.o)
 .note.GNU-stack
                0x0000000000000000        0x0 libc.a(console_kernel.o)
 .eh_frame      0x0000000000000000       0x5c libc.a(console_kernel.o)

Memory Configuration

Name             Origin             Length             Attributes
*default*        0x0000000000000000 0xffffffffffffffff

Linker script and memory map

                0x00000000c0000000                stack_top = 0xc0000000
                0x0000000000001000                . = 0x1000
                0x0000000000001074                . = (. + SIZEOF_HEADERS)

.text           0x0000000000001074      0x851
 *(.text*)
 .text          0x0000000000001074      0x22f hello.o
                0x0000000000001074                memcpy
                0x0000000000001089                memset
                0x000000000000109e                strcmp
                0x00000000000010c2                syscall2
                0x00000000000010d8                nbrk
                0x00000000000010e7                main
 .text.__x86.get_pc_thunk.bx
                0x00000000000012a3        0x4 hello.o
                0x00000000000012a3                __x86.get_pc_thunk.bx
 .text          0x00000000000012a7       0xeb libc.a(stdio.o)
                0x00000000000012ea                panic
                0x0000000000001318                printf
                0x000000000000135f                puts
                0x0000000000001380                __cxa_pure_virtual
 .text._ZN8Spinlock4lockEv
                0x0000000000001392       0x19 libc.a(stdio.o)
                0x0000000000001392                Spinlock::lock()
 .text.__x86.get_pc_thunk.ax
                0x00000000000013ab        0x4 libc.a(stdio.o)
                0x00000000000013ab                __x86.get_pc_thunk.ax
 .text.__x86.get_pc_thunk.cx
                0x00000000000013af        0x4 libc.a(stdio.o)
                0x00000000000013af                __x86.get_pc_thunk.cx
 .text          0x00000000000013b3       0x11 libc.a(start.o)
                0x00000000000013b3                _start
 .text          0x00000000000013c4       0x55 libc.a(init.o)
                0x00000000000013c4                __init
 *fill*         0x0000000000001419        0x1 
 .text          0x000000000000141a      0x45b libc.a(console.o)
                0x000000000000141a                Console::print_number(unsigned long long, unsigned int, unsigned int, unsigned int)
                0x0000000000001596                Console::vprintf(char const*, char*)
 .text.__x86.get_pc_thunk.di
                0x0000000000001875        0x4 libc.a(console.o)
                0x0000000000001875                __x86.get_pc_thunk.di
 *fill*         0x0000000000001879        0x1 
 .text          0x000000000000187a       0x4b libc.a(console_kernel.o)
                0x0000000000001892                Console_kernel::putc(int)

.iplt           0x00000000000018c5        0x0
 .iplt          0x00000000000018c5        0x0 hello.o

.eh_frame_hdr   0x00000000000018c8        0x0
 .eh_frame_hdr  0x00000000000018c8        0x0 hello.o

.rel.dyn        0x00000000000018c8        0x0
 .rel.got       0x00000000000018c8        0x0 hello.o
 .rel.iplt      0x00000000000018c8        0x0 hello.o
 .rel.text      0x00000000000018c8        0x0 hello.o
 .rel.data.rel.ro._ZTV7Console
                0x00000000000018c8        0x0 hello.o

.init_array     0x00000000000018c8      0x738
                0x00000000000018c8                PROVIDE (CTORS_L = .)
 *(.init_array.65534 .ctors.00001)
                0x00000000000018c8                PROVIDE (CTORS_G = .)
 *(.init_array.* .ctors.*)
 .init_array.00101
                0x00000000000018c8        0x4 libc.a(stdio.o)
 *(.init_array .ctors)
                0x00000000000018cc                PROVIDE (CTORS_E = .)
                0x0000000000002000                . = ALIGN (0x1000)
 *fill*         0x00000000000018cc      0x734 
                0x0000000000002000                . = ALIGN (0x1000)

.data           0x0000000000002000      0x1f4
                0x0000000000002000        0x1 BYTE 0x42
 *(.rodata*)
 .rodata.str1.1
                0x0000000000002001       0x2f hello.o
 .rodata.str1.4
                0x0000000000002030       0x39 hello.o
 .rodata.str1.1
                0x0000000000002069        0x4 libc.a(stdio.o)
 .rodata.str1.1
                0x000000000000206d       0x11 libc.a(console.o)
 *fill*         0x000000000000207e        0x2 
 .rodata        0x0000000000002080      0x158 libc.a(console.o)
 *(.data*)
 .data          0x00000000000021d8        0x4 hello.o
                0x00000000000021d8                initialized_var
 .data.rel.ro._ZTV7Console
                0x00000000000021dc        0xc libc.a(stdio.o)
                0x00000000000021dc                vtable for Console
 .data.rel.ro.local._ZTV14Console_kernel
                0x00000000000021e8        0xc libc.a(console_kernel.o)
                0x00000000000021e8                vtable for Console_kernel

.got            0x00000000000021f4        0x0
 .got           0x00000000000021f4        0x0 hello.o

.got.plt        0x00000000000021f4        0xc
 .got.plt       0x00000000000021f4        0xc hello.o
                0x00000000000021f4                _GLOBAL_OFFSET_TABLE_

.igot.plt       0x0000000000002200        0x0
 .igot.plt      0x0000000000002200        0x0 hello.o

.bss            0x0000000000002200       0xb0
 *(.bss*)
 .bss           0x0000000000002200        0x4 hello.o
                0x0000000000002200                uninitialized_var
 *fill*         0x0000000000002204       0x1c 
 .bss           0x0000000000002220       0x90 libc.a(stdio.o)
                0x0000000000002220                printf_lock
                0x0000000000002240                console
                [!provide]                        PROVIDE (BSS_E = .)

.stab
 *(.stab)

.stabstr
 *(.stabstr)

.stab.excl
 *(.stab.excl)

.stab.exclstr
 *(.stab.exclstr)

.stab.index
 *(.stab.index)

.stab.indexstr
 *(.stab.indexstr)

.comment        0x0000000000000000       0x2b
 *(.comment)
 .comment       0x0000000000000000       0x2b hello.o
                                         0x2c (size before relaxing)
 .comment       0x000000000000002b       0x2c libc.a(stdio.o)
 .comment       0x000000000000002b       0x2c libc.a(init.o)
 .comment       0x000000000000002b       0x2c libc.a(console.o)
 .comment       0x000000000000002b       0x2c libc.a(console_kernel.o)

.debug
 *(.debug)

.line
 *(.line)

.debug_srcinfo
 *(.debug_srcinfo)

.debug_sfnames
 *(.debug_sfnames)

.debug_aranges  0x0000000000000000       0xc8
 *(.debug_aranges)
 .debug_aranges
                0x0000000000000000       0x20 hello.o
 .debug_aranges
                0x0000000000000020       0x28 libc.a(stdio.o)
 .debug_aranges
                0x0000000000000048       0x20 libc.a(start.o)
 .debug_aranges
                0x0000000000000068       0x20 libc.a(init.o)
 .debug_aranges
                0x0000000000000088       0x20 libc.a(console.o)
 .debug_aranges
                0x00000000000000a8       0x20 libc.a(console_kernel.o)

.debug_pubnames
 *(.debug_pubnames)

.debug_info     0x0000000000000000     0x151b
 *(.debug_info .gnu.linkonce.wi.*)
 .debug_info    0x0000000000000000      0x39f hello.o
 .debug_info    0x000000000000039f      0x7d7 libc.a(stdio.o)
 .debug_info    0x0000000000000b76       0x24 libc.a(start.o)
 .debug_info    0x0000000000000b9a      0x165 libc.a(init.o)
 .debug_info    0x0000000000000cff      0x4f6 libc.a(console.o)
 .debug_info    0x00000000000011f5      0x326 libc.a(console_kernel.o)

.debug_abbrev   0x0000000000000000      0xb0c
 *(.debug_abbrev)
 .debug_abbrev  0x0000000000000000      0x13b hello.o
 .debug_abbrev  0x000000000000013b      0x41d libc.a(stdio.o)
 .debug_abbrev  0x0000000000000558       0x14 libc.a(start.o)
 .debug_abbrev  0x000000000000056c       0xf2 libc.a(init.o)
 .debug_abbrev  0x000000000000065e      0x297 libc.a(console.o)
 .debug_abbrev  0x00000000000008f5      0x217 libc.a(console_kernel.o)

.debug_line     0x0000000000000000      0x884
 *(.debug_line .debug_line.* .debug_line_end)
 .debug_line    0x0000000000000000      0x18b hello.o
 .debug_line    0x000000000000018b      0x169 libc.a(stdio.o)
 .debug_line    0x00000000000002f4       0x4a libc.a(start.o)
 .debug_line    0x000000000000033e       0xda libc.a(init.o)
 .debug_line    0x0000000000000418      0x3b9 libc.a(console.o)
 .debug_line    0x00000000000007d1       0xb3 libc.a(console_kernel.o)

.debug_frame
 *(.debug_frame)

.debug_str      0x0000000000000000      0x77e
 *(.debug_str)
 .debug_str     0x0000000000000000      0x156 hello.o
                                        0x19f (size before relaxing)
 .debug_str     0x0000000000000156      0x4f9 libc.a(stdio.o)
                                        0x5b5 (size before relaxing)
 .debug_str     0x000000000000064f       0x43 libc.a(start.o)
 .debug_str     0x0000000000000692       0x3f libc.a(init.o)
                                        0x1aa (size before relaxing)
 .debug_str     0x00000000000006d1       0x85 libc.a(console.o)
                                        0x2eb (size before relaxing)
 .debug_str     0x0000000000000756       0x28 libc.a(console_kernel.o)
                                        0x2bf (size before relaxing)

.debug_loc
 *(.debug_loc)

.debug_macinfo
 *(.debug_macinfo)

.debug_weaknames
 *(.debug_weaknames)

.debug_funcnames
 *(.debug_funcnames)

.debug_typenames
 *(.debug_typenames)

.debug_varnames
 *(.debug_varnames)

.debug_pubtypes
 *(.debug_pubtypes)

.debug_ranges
 *(.debug_ranges)

.debug_macro
 *(.debug_macro)

.debug_addr
 *(.debug_addr)

.gnu.attributes
 *(.gnu.attributes)

/DISCARD/
 *(.note.GNU-stack)
 *(.gnu_debuglink)
 *(.gnu.lto_*)
LOAD hello.o
LOAD libc.a
OUTPUT(hello elf32-i386)

.debug_loclists
                0x0000000000000000      0x5db
 .debug_loclists
                0x0000000000000000       0xe8 hello.o
 .debug_loclists
                0x00000000000000e8       0xe8 libc.a(stdio.o)
 .debug_loclists
                0x00000000000001d0       0x38 libc.a(init.o)
 .debug_loclists
                0x0000000000000208      0x346 libc.a(console.o)
 .debug_loclists
                0x000000000000054e       0x8d libc.a(console_kernel.o)

.debug_line_str
                0x0000000000000000      0x125
 .debug_line_str
                0x0000000000000000       0x8d hello.o
                                         0xc8 (size before relaxing)
 .debug_line_str
                0x000000000000008d       0x4f libc.a(stdio.o)
                                         0xf4 (size before relaxing)
 .debug_line_str
                0x00000000000000dc        0x8 libc.a(start.o)
                                         0x3f (size before relaxing)
 .debug_line_str
                0x00000000000000e4       0x15 libc.a(init.o)
                                         0x98 (size before relaxing)
 .debug_line_str
                0x00000000000000f9       0x16 libc.a(console.o)
                                         0xca (size before relaxing)
 .debug_line_str
                0x000000000000010f       0x16 libc.a(console_kernel.o)
                                         0xe9 (size before relaxing)

.debug_rnglists
                0x0000000000000000       0x3d
 .debug_rnglists
                0x0000000000000000       0x26 libc.a(stdio.o)
 .debug_rnglists
                0x0000000000000026       0x17 libc.a(console.o)
