Archive member included to satisfy reference by file (symbol)

libc.a(start.o)               (_start)
libc.a(init.o)                libc.a(start.o) (__init)
libc.a(mem_alloc.o)           malloc_test.o (my_malloc)
libc.a(stdio.o)               libc.a(init.o) (console)
libc.a(console.o)             libc.a(stdio.o) (Console::vprintf(char const*, char*))
libc.a(console_kernel.o)      libc.a(stdio.o) (vtable for Console_kernel)

Discarded input sections

 .group         0x0000000000000000        0x8 malloc_test.o
 .data          0x0000000000000000        0x0 malloc_test.o
 .bss           0x0000000000000000        0x0 malloc_test.o
 .note.GNU-stack
                0x0000000000000000        0x0 malloc_test.o
 .eh_frame      0x0000000000000000       0x60 malloc_test.o
 .data          0x0000000000000000        0x0 libc.a(start.o)
 .bss           0x0000000000000000        0x0 libc.a(start.o)
 .group         0x0000000000000000        0x8 libc.a(init.o)
 .data          0x0000000000000000        0x0 libc.a(init.o)
 .bss           0x0000000000000000        0x0 libc.a(init.o)
 .text.__x86.get_pc_thunk.bx
                0x0000000000000000        0x4 libc.a(init.o)
 .note.GNU-stack
                0x0000000000000000        0x0 libc.a(init.o)
 .eh_frame      0x0000000000000000       0x58 libc.a(init.o)
 .group         0x0000000000000000        0x8 libc.a(mem_alloc.o)
 .data          0x0000000000000000        0x0 libc.a(mem_alloc.o)
 .bss           0x0000000000000000        0x0 libc.a(mem_alloc.o)
 .text.__x86.get_pc_thunk.bx
                0x0000000000000000        0x4 libc.a(mem_alloc.o)
 .note.GNU-stack
                0x0000000000000000        0x0 libc.a(mem_alloc.o)
 .eh_frame      0x0000000000000000       0x74 libc.a(mem_alloc.o)
 .group         0x0000000000000000        0x8 libc.a(stdio.o)
 .group         0x0000000000000000        0xc libc.a(stdio.o)
 .group         0x0000000000000000        0x8 libc.a(stdio.o)
 .group         0x0000000000000000        0x8 libc.a(stdio.o)
 .group         0x0000000000000000        0x8 libc.a(stdio.o)
 .data          0x0000000000000000        0x0 libc.a(stdio.o)
 .text.__x86.get_pc_thunk.bx
                0x0000000000000000        0x4 libc.a(stdio.o)
 .note.GNU-stack
                0x0000000000000000        0x0 libc.a(stdio.o)
 .eh_frame      0x0000000000000000      0x11c libc.a(stdio.o)
 .group         0x0000000000000000        0x8 libc.a(console.o)
 .group         0x0000000000000000        0x8 libc.a(console.o)
 .data          0x0000000000000000        0x0 libc.a(console.o)
 .bss           0x0000000000000000        0x0 libc.a(console.o)
 .text.__x86.get_pc_thunk.ax
                0x0000000000000000        0x4 libc.a(console.o)
 .note.GNU-stack
                0x0000000000000000        0x0 libc.a(console.o)
 .eh_frame      0x0000000000000000      0x194 libc.a(console.o)
 .group         0x0000000000000000        0xc libc.a(console_kernel.o)
 .data          0x0000000000000000        0x0 libc.a(console_kernel.o)
 .bss           0x0000000000000000        0x0 libc.a(console_kernel.o)
 .note.GNU-stack
                0x0000000000000000        0x0 libc.a(console_kernel.o)
 .eh_frame      0x0000000000000000       0x5c libc.a(console_kernel.o)

Memory Configuration

Name             Origin             Length             Attributes
*default*        0x0000000000000000 0xffffffffffffffff

Linker script and memory map

                0x00000000c0000000                stack_top = 0xc0000000
                0x0000000000001000                . = 0x1000
                0x0000000000001074                . = (. + SIZEOF_HEADERS)

.text           0x0000000000001074      0x6ad
 *(.text*)
 .text          0x0000000000001074       0x41 malloc_test.o
                0x0000000000001074                main
 .text.__x86.get_pc_thunk.bx
                0x00000000000010b5        0x4 malloc_test.o
                0x00000000000010b5                __x86.get_pc_thunk.bx
 .text          0x00000000000010b9       0x11 libc.a(start.o)
                0x00000000000010b9                _start
 .text          0x00000000000010ca       0x55 libc.a(init.o)
                0x00000000000010ca                __init
 .text          0x000000000000111f       0x4a libc.a(mem_alloc.o)
                0x000000000000111f                my_malloc
                0x0000000000001144                my_free
 .text          0x0000000000001169       0xeb libc.a(stdio.o)
                0x00000000000011ac                panic
                0x00000000000011da                printf
                0x0000000000001221                puts
                0x0000000000001242                __cxa_pure_virtual
 .text._ZN8Spinlock4lockEv
                0x0000000000001254       0x19 libc.a(stdio.o)
                0x0000000000001254                Spinlock::lock()
 .text.__x86.get_pc_thunk.ax
                0x000000000000126d        0x4 libc.a(stdio.o)
                0x000000000000126d                __x86.get_pc_thunk.ax
 .text.__x86.get_pc_thunk.cx
                0x0000000000001271        0x4 libc.a(stdio.o)
                0x0000000000001271                __x86.get_pc_thunk.cx
 *fill*         0x0000000000001275        0x1 
 .text          0x0000000000001276      0x45b libc.a(console.o)
                0x0000000000001276                Console::print_number(unsigned long long, unsigned int, unsigned int, unsigned int)
                0x00000000000013f2                Console::vprintf(char const*, char*)
 .text.__x86.get_pc_thunk.di
                0x00000000000016d1        0x4 libc.a(console.o)
                0x00000000000016d1                __x86.get_pc_thunk.di
 *fill*         0x00000000000016d5        0x1 
 .text          0x00000000000016d6       0x4b libc.a(console_kernel.o)
                0x00000000000016ee                Console_kernel::putc(int)

.iplt           0x0000000000001721        0x0
 .iplt          0x0000000000001721        0x0 malloc_test.o

.eh_frame_hdr   0x0000000000001724        0x0
 .eh_frame_hdr  0x0000000000001724        0x0 malloc_test.o

.rel.dyn        0x0000000000001724        0x0
 .rel.got       0x0000000000001724        0x0 malloc_test.o
 .rel.iplt      0x0000000000001724        0x0 malloc_test.o
 .rel.text      0x0000000000001724        0x0 malloc_test.o
 .rel.data.rel.ro._ZTV7Console
                0x0000000000001724        0x0 malloc_test.o

.init_array     0x0000000000001724      0x8dc
                0x0000000000001724                PROVIDE (CTORS_L = .)
 *(.init_array.65534 .ctors.00001)
                0x0000000000001724                PROVIDE (CTORS_G = .)
 *(.init_array.* .ctors.*)
 .init_array.00101
                0x0000000000001724        0x4 libc.a(stdio.o)
 *(.init_array .ctors)
                0x0000000000001728                PROVIDE (CTORS_E = .)
                0x0000000000002000                . = ALIGN (0x1000)
 *fill*         0x0000000000001728      0x8d8 
                0x0000000000002000                . = ALIGN (0x1000)

.data           0x0000000000002000      0x1b8
                0x0000000000002000        0x1 BYTE 0x42
 *(.rodata*)
 .rodata.str1.1
                0x0000000000002001       0x32 libc.a(mem_alloc.o)
 .rodata.str1.1
                0x0000000000002033        0x4 libc.a(stdio.o)
 .rodata.str1.1
                0x0000000000002037       0x11 libc.a(console.o)
 .rodata        0x0000000000002048      0x158 libc.a(console.o)
 *(.data*)
 .data.rel.ro._ZTV7Console
                0x00000000000021a0        0xc libc.a(stdio.o)
                0x00000000000021a0                vtable for Console
 .data.rel.ro.local._ZTV14Console_kernel
                0x00000000000021ac        0xc libc.a(console_kernel.o)
                0x00000000000021ac                vtable for Console_kernel

.got            0x00000000000021b8        0x0
 .got           0x00000000000021b8        0x0 malloc_test.o

.got.plt        0x00000000000021b8        0xc
 .got.plt       0x00000000000021b8        0xc malloc_test.o
                0x00000000000021b8                _GLOBAL_OFFSET_TABLE_

.igot.plt       0x00000000000021c4        0x0
 .igot.plt      0x00000000000021c4        0x0 malloc_test.o

.bss            0x00000000000021e0       0x90
 *(.bss*)
 .bss           0x00000000000021e0       0x90 libc.a(stdio.o)
                0x00000000000021e0                printf_lock
                0x0000000000002200                console
                [!provide]                        PROVIDE (BSS_E = .)

.stab
 *(.stab)

.stabstr
 *(.stabstr)

.stab.excl
 *(.stab.excl)

.stab.exclstr
 *(.stab.exclstr)

.stab.index
 *(.stab.index)

.stab.indexstr
 *(.stab.indexstr)

.comment        0x0000000000000000       0x2b
 *(.comment)
 .comment       0x0000000000000000       0x2b malloc_test.o
                                         0x2c (size before relaxing)
 .comment       0x000000000000002b       0x2c libc.a(init.o)
 .comment       0x000000000000002b       0x2c libc.a(mem_alloc.o)
 .comment       0x000000000000002b       0x2c libc.a(stdio.o)
 .comment       0x000000000000002b       0x2c libc.a(console.o)
 .comment       0x000000000000002b       0x2c libc.a(console_kernel.o)

.debug
 *(.debug)

.line
 *(.line)

.debug_srcinfo
 *(.debug_srcinfo)

.debug_sfnames
 *(.debug_sfnames)

.debug_aranges  0x0000000000000000       0xe8
 *(.debug_aranges)
 .debug_aranges
                0x0000000000000000       0x20 malloc_test.o
 .debug_aranges
                0x0000000000000020       0x20 libc.a(start.o)
 .debug_aranges
                0x0000000000000040       0x20 libc.a(init.o)
 .debug_aranges
                0x0000000000000060       0x20 libc.a(mem_alloc.o)
 .debug_aranges
                0x0000000000000080       0x28 libc.a(stdio.o)
 .debug_aranges
                0x00000000000000a8       0x20 libc.a(console.o)
 .debug_aranges
                0x00000000000000c8       0x20 libc.a(console_kernel.o)

.debug_pubnames
 *(.debug_pubnames)

.debug_info     0x0000000000000000     0x12be
 *(.debug_info .gnu.linkonce.wi.*)
 .debug_info    0x0000000000000000       0x9e malloc_test.o
 .debug_info    0x000000000000009e       0x24 libc.a(start.o)
 .debug_info    0x00000000000000c2      0x165 libc.a(init.o)
 .debug_info    0x0000000000000227       0xa4 libc.a(mem_alloc.o)
 .debug_info    0x00000000000002cb      0x7d7 libc.a(stdio.o)
 .debug_info    0x0000000000000aa2      0x4f6 libc.a(console.o)
 .debug_info    0x0000000000000f98      0x326 libc.a(console_kernel.o)

.debug_abbrev   0x0000000000000000      0xad2
 *(.debug_abbrev)
 .debug_abbrev  0x0000000000000000       0x86 malloc_test.o
 .debug_abbrev  0x0000000000000086       0x14 libc.a(start.o)
 .debug_abbrev  0x000000000000009a       0xf2 libc.a(init.o)
 .debug_abbrev  0x000000000000018c       0x7b libc.a(mem_alloc.o)
 .debug_abbrev  0x0000000000000207      0x41d libc.a(stdio.o)
 .debug_abbrev  0x0000000000000624      0x297 libc.a(console.o)
 .debug_abbrev  0x00000000000008bb      0x217 libc.a(console_kernel.o)

.debug_line     0x0000000000000000      0x7bd
 *(.debug_line .debug_line.* .debug_line_end)
 .debug_line    0x0000000000000000       0x60 malloc_test.o
 .debug_line    0x0000000000000060       0x4a libc.a(start.o)
 .debug_line    0x00000000000000aa       0xda libc.a(init.o)
 .debug_line    0x0000000000000184       0x64 libc.a(mem_alloc.o)
 .debug_line    0x00000000000001e8      0x169 libc.a(stdio.o)
 .debug_line    0x0000000000000351      0x3b9 libc.a(console.o)
 .debug_line    0x000000000000070a       0xb3 libc.a(console_kernel.o)

.debug_frame
 *(.debug_frame)

.debug_str      0x0000000000000000      0x74e
 *(.debug_str)
 .debug_str     0x0000000000000000       0xb2 malloc_test.o
                                         0xc4 (size before relaxing)
 .debug_str     0x00000000000000b2       0x43 libc.a(start.o)
 .debug_str     0x00000000000000f5      0x179 libc.a(init.o)
                                        0x1aa (size before relaxing)
 .debug_str     0x000000000000026e       0x1c libc.a(mem_alloc.o)
                                         0xdb (size before relaxing)
 .debug_str     0x000000000000028a      0x417 libc.a(stdio.o)
                                        0x5b5 (size before relaxing)
 .debug_str     0x00000000000006a1       0x85 libc.a(console.o)
                                        0x2eb (size before relaxing)
 .debug_str     0x0000000000000726       0x28 libc.a(console_kernel.o)
                                        0x2bf (size before relaxing)

.debug_loc
 *(.debug_loc)

.debug_macinfo
 *(.debug_macinfo)

.debug_weaknames
 *(.debug_weaknames)

.debug_funcnames
 *(.debug_funcnames)

.debug_typenames
 *(.debug_typenames)

.debug_varnames
 *(.debug_varnames)

.debug_pubtypes
 *(.debug_pubtypes)

.debug_ranges
 *(.debug_ranges)

.debug_macro
 *(.debug_macro)

.debug_addr
 *(.debug_addr)

.gnu.attributes
 *(.gnu.attributes)

/DISCARD/
 *(.note.GNU-stack)
 *(.gnu_debuglink)
 *(.gnu.lto_*)
LOAD malloc_test.o
LOAD libc.a
OUTPUT(malloc_test elf32-i386)

.debug_loclists
                0x0000000000000000      0x507
 .debug_loclists
                0x0000000000000000       0x14 malloc_test.o
 .debug_loclists
                0x0000000000000014       0x38 libc.a(init.o)
 .debug_loclists
                0x000000000000004c       0xe8 libc.a(stdio.o)
 .debug_loclists
                0x0000000000000134      0x346 libc.a(console.o)
 .debug_loclists
                0x000000000000047a       0x8d libc.a(console_kernel.o)

.debug_line_str
                0x0000000000000000      0x131
 .debug_line_str
                0x0000000000000000       0x49 malloc_test.o
                                         0x90 (size before relaxing)
 .debug_line_str
                0x0000000000000049        0x8 libc.a(start.o)
                                         0x3f (size before relaxing)
 .debug_line_str
                0x0000000000000051       0x2e libc.a(init.o)
                                         0x98 (size before relaxing)
 .debug_line_str
                0x000000000000007f       0x17 libc.a(mem_alloc.o)
                                         0x85 (size before relaxing)
 .debug_line_str
                0x0000000000000096       0x6f libc.a(stdio.o)
                                         0xf4 (size before relaxing)
 .debug_line_str
                0x0000000000000105       0x16 libc.a(console.o)
                                         0xca (size before relaxing)
 .debug_line_str
                0x000000000000011b       0x16 libc.a(console_kernel.o)
                                         0xe9 (size before relaxing)

.debug_rnglists
                0x0000000000000000       0x3d
 .debug_rnglists
                0x0000000000000000       0x26 libc.a(stdio.o)
 .debug_rnglists
                0x0000000000000026       0x17 libc.a(console.o)
